Microchip MPLAB XC8 Compiler V1.33 ()

Linker command line:

--edf=C:\Program Files (x86)\Microchip\xc8\v1.33\dat\en_msgs.txt -cs \
  -h+dist/default/production\Zonnekrachtmeter.X.production.sym \
  --cmf=dist/default/production\Zonnekrachtmeter.X.production.cmf -z \
  -Q18F25K80 -oC:\Users\Zi-Wen\AppData\Local\Temp\sgh0.6 \
  -Mdist/default/production/Zonnekrachtmeter.X.production.map -E1 -ver=XC8 \
  -ASTACK=0150h-09ffh -pstack=STACK -ACODE=00h-07FFFh -ACONST=00h-07FFFh \
  -ASMALLCONST=0F00h-0FFFhx113 -AMEDIUMCONST=0F00h-07FFFh -ACOMRAM=01h-05Fh \
  -AABS1=00h-0E40h -ABIGRAM=01h-0E40h \
  -ARAM=060h-0FFh,0100h-01FFhx13,0E00h-0E40h -ABANK0=060h-0FFh \
  -ABANK1=0100h-01FFh -ABANK2=0200h-02FFh -ABANK3=0300h-03FFh \
  -ABANK4=0400h-04FFh -ABANK5=0500h-05FFh -ABANK6=0600h-06FFh \
  -ABANK7=0700h-07FFh -ABANK8=0800h-08FFh -ABANK9=0900h-09FFh \
  -ABANK10=0A00h-0AFFh -ABANK11=0B00h-0BFFh -ABANK12=0C00h-0CFFh \
  -ABANK13=0D00h-0DFFh -ABANK14=0E00h-0E40h \
  -ASFR=0E41h-0EFFh,0F00h-0F5Fh,0F60h-0FFFh \
  -preset_vec=00h,intcode=08h,intcodelo,powerup,init,end_init \
  -pramtop=0F00h -psmallconst=SMALLCONST -pmediumconst=MEDIUMCONST \
  -pconst=CONST -AFARRAM=00h-00h -ACONFIG=0300000h-030000Dh -pconfig=CONFIG \
  -AIDLOC=0200000h-0200007h -pidloc=IDLOC -AEEDATA=0F00000h-0F003FFh \
  -peeprom_data=EEDATA \
  -prdata=COMRAM,nvrram=COMRAM,nvbit=COMRAM,rbss=COMRAM,rbit=COMRAM \
  -pfarbss=FARRAM,fardata=FARRAM,nvFARRAM=FARRAM \
  -pintsave_regs=BIGRAM,bigbss=BIGRAM,bigdata=BIGRAM -pbss=RAM \
  -pidata=CODE,irdata=CODE,ibigdata=CODE,ifardata=CODE \
  C:\Users\Zi-Wen\AppData\Local\Temp\sgh0.obj \
  dist/default/production\Zonnekrachtmeter.X.production.obj 

Object code version is 3.11

Machine type is 18F25K80

Call graph: (short form)




                Name                               Link     Load   Length Selector   Space Scale
C:\Users\Zi-Wen\AppData\Local\Temp\sgh0.obj
                end_init                             AC       AC        4        4       0
                reset_vec                             0        0        4        0       0
                idloc                            200000   200000        8   200000       0
                config                           300000   300000        E   300000       0
dist/default/production\Zonnekrachtmeter.X.production.obj
                intcode                               8        8       A4        4       0
                mediumconst                        7ECC     7ECC      134     3F66       0
                text51                             2D20     2D20       3E        4       0
                text50                             2CE2     2CE2       3E        4       0
                text49                             2EE8     2EE8       22        4       0
                text48                             2EC4     2EC4       24        4       0
                text47                             2D5E     2D5E       3A        4       0
                text46                             2DFE     2DFE       2E        4       0
                text45                             2F2A     2F2A       1C        4       0
                text44                             2442     2442       A8        4       0
                text43                             2C5A     2C5A       48        4       0
                text42                             21D4     21D4       E2        4       0
                text41                             20E4     20E4       F0        4       0
                text40                             2748     2748       8A        4       0
                text39                             2FA8     2FA8       12        4       0
                text38                             2F5E     2F5E       14        4       0
                text37                             2FBA     2FBA       10        4       0
                text36                             2DCE     2DCE       30        4       0
                text35                             2F96     2F96       12        4       0
                text34                             2F84     2F84       12        4       0
                text33                             2F72     2F72       12        4       0
                text32                             2E2C     2E2C       28        4       0
                text31                             2CA2     2CA2       40        4       0
                text30                             27D2     27D2       84        4       0
                text29                             2EA0     2EA0       24        4       0
                text28                             22B6     22B6       D4        4       0
                text27                             2BA4     2BA4       5C        4       0
                text26                             28D8     28D8       7C        4       0
                text25                             26B8     26B8       90        4       0
                text24                             2E7A     2E7A       26        4       0
                text23                             19C6     19C6      1AC        4       0
                text22                             2D98     2D98       36        4       0
                text21                             1E7C     1E7C      136        4       0
                text20                             2856     2856       82        4       0
                text19                             29BA     29BA       66        4       0
                text18                             2B48     2B48       5C        4       0
                text17                             1D14     1D14      168        4       0
                text16                             1FB2     1FB2      132        4       0
                text15                             24EA     24EA       A4        4       0
                text14                             2628     2628       90        4       0
                text13                             2E54     2E54       26        4       0
                text12                             1774     1774      252        4       0
                text11                             2F0A     2F0A       20        4       0
                text10                             2FD8     2FD8        2        4       0
                text9                              136C     136C      408        4       0
                text8                                B0       B0     12BC        4       0
                text7                              2954     2954       66        4       0
                text6                              1B72     1B72      1A2        4       0
                text5                              2C00     2C00       5A        4       0
                text4                              2A84     2A84       64        4       0
                text3                              2A20     2A20       64        4       0
                text2                              238A     238A       B8        4       0
                text1                              258E     258E       9A        4       0
                text0                              2F46     2F46       18        4       0
                cstackCOMRAM                          1        1       48        1       1
                cstackBANK0                          60       60       52       60       1
                bssBANK1                            100      100       50      100       1
                dataBANK0                            CF       CF        E       60       1
                bssBANK0                             B2       B2       1D       60       1
                dataCOMRAM                           51       51        1        1       1
                bssCOMRAM                            49       49        8        1       1
                cinit                              2AE8     2AE8       60        4       0
                idataBANK0                         2FCA     2FCA        E        4       0
                idataCOMRAM                        2FDA     2FDA        1        4       0

TOTAL           Name                               Link     Load   Length     Space
        CLASS   STACK          

        CLASS   CODE           
                end_init                             AC       AC        4         0
                intcode                               8        8       A4         0
                reset_vec                             0        0        4         0
                text51                             2D20     2D20       3E         0
                text50                             2CE2     2CE2       3E         0
                text49                             2EE8     2EE8       22         0
                text48                             2EC4     2EC4       24         0
                text47                             2D5E     2D5E       3A         0
                text46                             2DFE     2DFE       2E         0
                text45                             2F2A     2F2A       1C         0
                text44                             2442     2442       A8         0
                text43                             2C5A     2C5A       48         0
                text42                             21D4     21D4       E2         0
                text41                             20E4     20E4       F0         0
                text40                             2748     2748       8A         0
                text39                             2FA8     2FA8       12         0
                text38                             2F5E     2F5E       14         0
                text37                             2FBA     2FBA       10         0
                text36                             2DCE     2DCE       30         0
                text35                             2F96     2F96       12         0
                text34                             2F84     2F84       12         0
                text33                             2F72     2F72       12         0
                text32                             2E2C     2E2C       28         0
                text31                             2CA2     2CA2       40         0
                text30                             27D2     27D2       84         0
                text29                             2EA0     2EA0       24         0
                text28                             22B6     22B6       D4         0
                text27                             2BA4     2BA4       5C         0
                text26                             28D8     28D8       7C         0
                text25                             26B8     26B8       90         0
                text24                             2E7A     2E7A       26         0
                text23                             19C6     19C6      1AC         0
                text22                             2D98     2D98       36         0
                text21                             1E7C     1E7C      136         0
                text20                             2856     2856       82         0
                text19                             29BA     29BA       66         0
                text18                             2B48     2B48       5C         0
                text17                             1D14     1D14      168         0
                text16                             1FB2     1FB2      132         0
                text15                             24EA     24EA       A4         0
                text14                             2628     2628       90         0
                text13                             2E54     2E54       26         0
                text12                             1774     1774      252         0
                text11                             2F0A     2F0A       20         0
                text10                             2FD8     2FD8        2         0
                text9                              136C     136C      408         0
                text8                                B0       B0     12BC         0
                text7                              2954     2954       66         0
                text6                              1B72     1B72      1A2         0
                text5                              2C00     2C00       5A         0
                text4                              2A84     2A84       64         0
                text3                              2A20     2A20       64         0
                text2                              238A     238A       B8         0
                text1                              258E     258E       9A         0
                text0                              2F46     2F46       18         0
                cinit                              2AE8     2AE8       60         0
                idataBANK0                         2FCA     2FCA        E         0
                idataCOMRAM                        2FDA     2FDA        1         0

        CLASS   CONST          

        CLASS   SMALLCONST     

        CLASS   MEDIUMCONST    
                mediumconst                        7ECC     7ECC      134         0

        CLASS   COMRAM         
                cstackCOMRAM                          1        1       48         1
                dataCOMRAM                           51       51        1         1
                bssCOMRAM                            49       49        8         1

        CLASS   ABS1           

        CLASS   BIGRAM         

        CLASS   RAM            

        CLASS   BANK0          
                cstackBANK0                          60       60       52         1
                dataBANK0                            CF       CF        E         1
                bssBANK0                             B2       B2       1D         1

        CLASS   BANK1          
                bssBANK1                            100      100       50         1

        CLASS   BANK2          

        CLASS   BANK3          

        CLASS   BANK4          

        CLASS   BANK5          

        CLASS   BANK6          

        CLASS   BANK7          

        CLASS   BANK8          

        CLASS   BANK9          

        CLASS   BANK10         

        CLASS   BANK11         

        CLASS   BANK12         

        CLASS   BANK13         

        CLASS   BANK14         

        CLASS   SFR            

        CLASS   FARRAM         

        CLASS   CONFIG         
                config                           300000   300000        E         0

        CLASS   IDLOC          
                idloc                            200000   200000        8         0

        CLASS   EEDATA         



SEGMENTS        Name                           Load    Length   Top    Selector   Space  Class

                reset_vec                      000000  000004  000004         0       0  CODE    
                cstackCOMRAM                   000001  000051  000052         1       1  COMRAM  
                intcode                        000008  002FD3  002FDB         4       0  CODE    
                cstackBANK0                    000060  00007D  0000DD        60       1  BANK0   
                bssBANK1                       000100  000050  000150       100       1  BANK1   
                mediumconst                    007ECC  000134  008000      3F66       0  MEDIUMCO
                idloc                          200000  000008  200008    200000       0  IDLOC   
                config                         300000  00000E  30000E    300000       0  CONFIG  


UNUSED ADDRESS RANGES

        Name                Unused          Largest block    Delta
        BANK0            0000DD-0000FF               23
        BANK1            000150-0001FF               B0
        BANK10           000A00-000AFF              100
        BANK11           000B00-000BFF              100
        BANK12           000C00-000CFF              100
        BANK13           000D00-000DFF              100
        BANK14           000E00-000E40               41
        BANK2            000200-0002FF              100
        BANK3            000300-0003FF              100
        BANK4            000400-0004FF              100
        BANK5            000500-0005FF              100
        BANK6            000600-0006FF              100
        BANK7            000700-0007FF              100
        BANK8            000800-0008FF              100
        BANK9            000900-0009FF              100
        BIGRAM           000052-00005F                E
                         0000DD-0000FF               23
                         000150-000E40              CF1
        CODE             000004-000007                4
                         002FDB-007ECB             4EF1
        COMRAM           000052-00005F                E
        CONST            000004-000007                4
                         002FDB-007ECB             4EF1
        EEDATA           F00000-F003FF              400
        MEDIUMCONST      002FDB-007ECB             4EF1
        RAM              0000DD-0000FF               23
                         000150-000E40              100
        SFR              000E41-000FFF               BF
        SMALLCONST       002FDB-007ECB              100
        STACK            000150-0009FF              8B0

                                  Symbol Table

?___awdiv                   cstackCOMRAM 000015
?___awmod                   cstackCOMRAM 00000F
?___awtoft                  cstackCOMRAM 000017
?___ftadd                   cstackCOMRAM 000017
?___ftdiv                   cstackCOMRAM 00001B
?___ftmul                   cstackCOMRAM 00002A
?___ftneg                   cstackCOMRAM 00000F
?___ftpack                  cstackCOMRAM 00000F
?___ftsub                   cstackCOMRAM 000023
?___fttol                   cstackCOMRAM 000040
?___lldiv                   cstackCOMRAM 00000F
?___llmod                   cstackCOMRAM 00001C
?___lltoft                  cstackCOMRAM 000017
?___wmul                    cstackCOMRAM 00001D
?__div_to_l_                cstackCOMRAM 00000F
?__doprnt                   cstackBANK0  000066
?__tdiv_to_l_               cstackCOMRAM 00000F
?_fround                    cstackCOMRAM 000039
?_getTemperature            cstackCOMRAM 000039
?_scale                     cstackCOMRAM 000039
?_sprintf                   cstackBANK0  000096
_ADCON0                     (abs)        000FC2
_ADCON0bits                 (abs)        000FC2
_ADCON1                     (abs)        000FC1
_ADCON2                     (abs)        000FC0
_ADRESH                     (abs)        000FC4
_ADRESL                     (abs)        000FC3
_ANCON0bits                 (abs)        000F5D
_BAUDCON1                   (abs)        000FA7
_BAUDCON2                   (abs)        000FB9
_INTCON2bits                (abs)        000FF1
_INTCONbits                 (abs)        000FF2
_IPR1bits                   (abs)        000F9F
_PIE1bits                   (abs)        000F9D
_PIE2bits                   (abs)        000FA0
_PIE3bits                   (abs)        000FA3
_PIR1bits                   (abs)        000F9E
_PIR2bits                   (abs)        000FA1
_PIR3bits                   (abs)        000FA4
_PORTAbits                  (abs)        000F80
_RCONbits                   (abs)        000FD0
_RCREG1                     (abs)        000FAE
_RCREG2                     (abs)        000F7A
_RCSTA1                     (abs)        000FAB
_RCSTA2                     (abs)        000FA6
_SPBRG1                     (abs)        000FAF
_SPBRG2                     (abs)        000F7B
_SSPADD                     (abs)        000FC8
_SSPBUF                     (abs)        000FC9
_SSPCON1bits                (abs)        000FC6
_SSPCON2                    (abs)        000FC5
_SSPCON2bits                (abs)        000FC5
_SSPSTAT                    (abs)        000FC7
_SSPSTATbits                (abs)        000FC7
_T0CONbits                  (abs)        000FD5
_TMR0H                      (abs)        000FD7
_TMR0L                      (abs)        000FD6
_TRISAbits                  (abs)        000F92
_TRISBbits                  (abs)        000F93
_TRISCbits                  (abs)        000F94
_TXREG1                     (abs)        000FAD
_TXREG2                     (abs)        000F79
_TXSTA1                     (abs)        000FAC
_TXSTA1bits                 (abs)        000FAC
_TXSTA2                     (abs)        000FBA
_TXSTA2bits                 (abs)        000FBA
__CFG_BBSIZ$BB2K            (abs)        000000
__CFG_BOREN$OFF             (abs)        000000
__CFG_BORPWR$ZPBORMV        (abs)        000000
__CFG_BORV$3                (abs)        000000
__CFG_CANMX$PORTB           (abs)        000000
__CFG_CP0$OFF               (abs)        000000
__CFG_CP1$OFF               (abs)        000000
__CFG_CP2$OFF               (abs)        000000
__CFG_CP3$OFF               (abs)        000000
__CFG_CPB$OFF               (abs)        000000
__CFG_CPD$OFF               (abs)        000000
__CFG_EBTR0$OFF             (abs)        000000
__CFG_EBTR1$OFF             (abs)        000000
__CFG_EBTR2$OFF             (abs)        000000
__CFG_EBTR3$OFF             (abs)        000000
__CFG_EBTRB$OFF             (abs)        000000
__CFG_FCMEN$OFF             (abs)        000000
__CFG_FOSC$HS1              (abs)        000000
__CFG_IESO$OFF              (abs)        000000
__CFG_INTOSCSEL$HIGH        (abs)        000000
__CFG_MCLRE$ON              (abs)        000000
__CFG_MSSPMSK$MSK7          (abs)        000000
__CFG_PLLCFG$OFF            (abs)        000000
__CFG_PWRTEN$OFF            (abs)        000000
__CFG_RETEN$OFF             (abs)        000000
__CFG_SOSCSEL$DIG           (abs)        000000
__CFG_STVREN$ON             (abs)        000000
__CFG_WDTEN$OFF             (abs)        000000
__CFG_WDTPS$1048576         (abs)        000000
__CFG_WRT0$OFF              (abs)        000000
__CFG_WRT1$OFF              (abs)        000000
__CFG_WRT2$OFF              (abs)        000000
__CFG_WRT3$OFF              (abs)        000000
__CFG_WRTB$OFF              (abs)        000000
__CFG_WRTC$OFF              (abs)        000000
__CFG_WRTD$OFF              (abs)        000000
__CFG_XINST$OFF             (abs)        000000
__HRAM                      (abs)        000000
__Habs1                     abs1         000000
__Hbank0                    bank0        000000
__Hbank1                    bank1        000000
__Hbank10                   bank10       000000
__Hbank11                   bank11       000000
__Hbank12                   bank12       000000
__Hbank13                   bank13       000000
__Hbank14                   bank14       000000
__Hbank2                    bank2        000000
__Hbank3                    bank3        000000
__Hbank4                    bank4        000000
__Hbank5                    bank5        000000
__Hbank6                    bank6        000000
__Hbank7                    bank7        000000
__Hbank8                    bank8        000000
__Hbank9                    bank9        000000
__Hbigbss                   bigbss       000000
__Hbigdata                  bigdata      000000
__Hbigram                   bigram       000000
__Hbss                      bss          000000
__HbssBANK0                 bssBANK0     000000
__HbssBANK1                 bssBANK1     000000
__HbssCOMRAM                bssCOMRAM    000000
__Hcinit                    cinit        000000
__Hclrtext                  clrtext      000000
__Hcomram                   comram       000000
__Hconfig                   config       30000E
__Hconst                    const        000000
__HcstackBANK0              cstackBANK0  000000
__HcstackCOMRAM             cstackCOMRAM 000000
__Hdata                     data         000000
__HdataBANK0                dataBANK0    000000
__HdataCOMRAM               dataCOMRAM   000000
__Heeprom_data              eeprom_data  000000
__Hend_init                 end_init     0000B0
__Hfarbss                   farbss       000000
__Hfardata                  fardata      000000
__Hibigdata                 ibigdata     000000
__Hidata                    idata        000000
__HidataBANK0               idataBANK0   000000
__HidataCOMRAM              idataCOMRAM  000000
__Hidloc                    idloc        200008
__Hifardata                 ifardata     000000
__Hinit                     init         0000AC
__Hintcode                  intcode      0000AC
__Hintcode_body             intcode_body 000000
__Hintcodelo                intcodelo    0000AC
__Hintentry                 intentry     000000
__Hintret                   intret       000000
__Hintsave_regs             intsave_regs 000000
__Hirdata                   irdata       000000
__Hmediumconst              mediumconst  008000
__HnvFARRAM                 nvFARRAM     000000
__Hnvbit                    nvbit        000000
__Hnvrram                   nvrram       000000
__Hparam                    rparam       000000
__Hpowerup                  powerup      0000AC
__Hram                      ram          000000
__Hramtop                   ramtop       000F00
__Hrbit                     rbit         000000
__Hrbss                     rbss         000000
__Hrdata                    rdata        000000
__Hreset_vec                reset_vec    000004
__Hrparam                   rparam       000000
__Hsfr                      sfr          000000
__Hsmallconst               smallconst   000000
__Hspace_0                  (abs)        30000E
__Hspace_1                  (abs)        000150
__Hspace_2                  (abs)        000000
__Hstack                    stack        000000
__Hstruct                   struct       000000
__Htemp                     temp         000000
__Htext                     text         000000
__Htext0                    text0        000000
__Htext1                    text1        000000
__Htext10                   text10       000000
__Htext11                   text11       000000
__Htext12                   text12       000000
__Htext13                   text13       000000
__Htext14                   text14       000000
__Htext15                   text15       000000
__Htext16                   text16       000000
__Htext17                   text17       000000
__Htext18                   text18       000000
__Htext19                   text19       000000
__Htext2                    text2        000000
__Htext20                   text20       000000
__Htext21                   text21       000000
__Htext22                   text22       000000
__Htext23                   text23       000000
__Htext24                   text24       000000
__Htext25                   text25       000000
__Htext26                   text26       000000
__Htext27                   text27       000000
__Htext28                   text28       000000
__Htext29                   text29       000000
__Htext3                    text3        000000
__Htext30                   text30       000000
__Htext31                   text31       000000
__Htext32                   text32       000000
__Htext33                   text33       000000
__Htext34                   text34       000000
__Htext35                   text35       000000
__Htext36                   text36       000000
__Htext37                   text37       000000
__Htext38                   text38       000000
__Htext39                   text39       000000
__Htext4                    text4        000000
__Htext40                   text40       000000
__Htext41                   text41       000000
__Htext42                   text42       000000
__Htext43                   text43       000000
__Htext44                   text44       000000
__Htext45                   text45       000000
__Htext46                   text46       000000
__Htext47                   text47       000000
__Htext48                   text48       000000
__Htext49                   text49       000000
__Htext5                    text5        000000
__Htext50                   text50       000000
__Htext51                   text51       000000
__Htext6                    text6        000000
__Htext7                    text7        000000
__Htext8                    text8        000000
__Htext9                    text9        000000
__I2CAddress                text37       002FBA
__I2CAddress@address        cstackCOMRAM 000012
__I2CAddress@readnwrite     cstackCOMRAM 000011
__I2CInit                   text5        002C00
__I2CInit@BRate             cstackCOMRAM 00001C
__I2CReceive                text36       002DCE
__I2CReceive@ack            cstackCOMRAM 000012
__I2CReceive@data           cstackCOMRAM 000010
__I2CRepeatedStart          text35       002F96
__I2CSend                   text38       002F5E
__I2CSend@data              cstackCOMRAM 000010
__I2CStart                  text34       002F84
__I2CStop                   text33       002F72
__I2CWait                   text39       002FA8
__LRAM                      (abs)        000001
__Labs1                     abs1         000000
__Lbank0                    bank0        000000
__Lbank1                    bank1        000000
__Lbank10                   bank10       000000
__Lbank11                   bank11       000000
__Lbank12                   bank12       000000
__Lbank13                   bank13       000000
__Lbank14                   bank14       000000
__Lbank2                    bank2        000000
__Lbank3                    bank3        000000
__Lbank4                    bank4        000000
__Lbank5                    bank5        000000
__Lbank6                    bank6        000000
__Lbank7                    bank7        000000
__Lbank8                    bank8        000000
__Lbank9                    bank9        000000
__Lbigbss                   bigbss       000000
__Lbigdata                  bigdata      000000
__Lbigram                   bigram       000000
__Lbss                      bss          000000
__LbssBANK0                 bssBANK0     000000
__LbssBANK1                 bssBANK1     000000
__LbssCOMRAM                bssCOMRAM    000000
__Lcinit                    cinit        000000
__Lclrtext                  clrtext      000000
__Lcomram                   comram       000000
__Lconfig                   config       300000
__Lconst                    const        000000
__LcstackBANK0              cstackBANK0  000000
__LcstackCOMRAM             cstackCOMRAM 000000
__Ldata                     data         000000
__LdataBANK0                dataBANK0    000000
__LdataCOMRAM               dataCOMRAM   000000
__Leeprom_data              eeprom_data  000000
__Lend_init                 end_init     0000AC
__Lfarbss                   farbss       000000
__Lfardata                  fardata      000000
__Libigdata                 ibigdata     000000
__Lidata                    idata        000000
__LidataBANK0               idataBANK0   000000
__LidataCOMRAM              idataCOMRAM  000000
__Lidloc                    idloc        200000
__Lifardata                 ifardata     000000
__Linit                     init         0000AC
__Lintcode                  intcode      000008
__Lintcode_body             intcode_body 000000
__Lintcodelo                intcodelo    0000AC
__Lintentry                 intentry     000000
__Lintret                   intret       000000
__Lintsave_regs             intsave_regs 000000
__Lirdata                   irdata       000000
__Lmediumconst              mediumconst  007ECC
__LnvFARRAM                 nvFARRAM     000000
__Lnvbit                    nvbit        000000
__Lnvrram                   nvrram       000000
__Lparam                    rparam       000000
__Lpowerup                  powerup      0000AC
__Lram                      ram          000000
__Lramtop                   ramtop       000F00
__Lrbit                     rbit         000000
__Lrbss                     rbss         000000
__Lrdata                    rdata        000000
__Lreset_vec                reset_vec    000000
__Lrparam                   rparam       000000
__Lsfr                      sfr          000000
__Lsmallconst               smallconst   000000
__Lspace_0                  (abs)        000000
__Lspace_1                  (abs)        000000
__Lspace_2                  (abs)        000000
__Lstack                    stack        000000
__Lstruct                   struct       000000
__Ltemp                     temp         000000
__Ltext                     text         000000
__Ltext0                    text0        000000
__Ltext1                    text1        000000
__Ltext10                   text10       000000
__Ltext11                   text11       000000
__Ltext12                   text12       000000
__Ltext13                   text13       000000
__Ltext14                   text14       000000
__Ltext15                   text15       000000
__Ltext16                   text16       000000
__Ltext17                   text17       000000
__Ltext18                   text18       000000
__Ltext19                   text19       000000
__Ltext2                    text2        000000
__Ltext20                   text20       000000
__Ltext21                   text21       000000
__Ltext22                   text22       000000
__Ltext23                   text23       000000
__Ltext24                   text24       000000
__Ltext25                   text25       000000
__Ltext26                   text26       000000
__Ltext27                   text27       000000
__Ltext28                   text28       000000
__Ltext29                   text29       000000
__Ltext3                    text3        000000
__Ltext30                   text30       000000
__Ltext31                   text31       000000
__Ltext32                   text32       000000
__Ltext33                   text33       000000
__Ltext34                   text34       000000
__Ltext35                   text35       000000
__Ltext36                   text36       000000
__Ltext37                   text37       000000
__Ltext38                   text38       000000
__Ltext39                   text39       000000
__Ltext4                    text4        000000
__Ltext40                   text40       000000
__Ltext41                   text41       000000
__Ltext42                   text42       000000
__Ltext43                   text43       000000
__Ltext44                   text44       000000
__Ltext45                   text45       000000
__Ltext46                   text46       000000
__Ltext47                   text47       000000
__Ltext48                   text48       000000
__Ltext49                   text49       000000
__Ltext5                    text5        000000
__Ltext50                   text50       000000
__Ltext51                   text51       000000
__Ltext6                    text6        000000
__Ltext7                    text7        000000
__Ltext8                    text8        000000
__Ltext9                    text9        000000
__S0                        (abs)        30000E
__S1                        (abs)        000150
__S2                        (abs)        000000
__UART1Init                 text4        002A84
__UART1Init@BRate           cstackCOMRAM 00001C
__UART1Send                 text51       002D20
__UART1Send@i               cstackCOMRAM 000011
__UART1Send@message         cstackCOMRAM 00000F
__UART2Init                 text3        002A20
__UART2Init@BRate           cstackCOMRAM 00001C
__UART2Send                 text50       002CE2
__UART2Send@i               cstackCOMRAM 000011
__UART2Send@message         cstackCOMRAM 00000F
___awdiv                    text15       0024EA
___awdiv@counter            cstackCOMRAM 000019
___awdiv@dividend           cstackCOMRAM 000015
___awdiv@divisor            cstackCOMRAM 000017
___awdiv@quotient           cstackCOMRAM 00001B
___awdiv@sign               cstackCOMRAM 00001A
___awmod                    text14       002628
___awmod@counter            cstackCOMRAM 000013
___awmod@dividend           cstackCOMRAM 00000F
___awmod@divisor            cstackCOMRAM 000011
___awmod@sign               cstackCOMRAM 000014
___awtoft                   text43       002C5A
___awtoft@c                 cstackCOMRAM 000017
___awtoft@sign              cstackCOMRAM 00001A
___ftadd                    text23       0019C6
___ftadd@exp1               cstackCOMRAM 000022
___ftadd@exp2               cstackCOMRAM 000021
___ftadd@f1                 cstackCOMRAM 000017
___ftadd@f2                 cstackCOMRAM 00001A
___ftadd@sign               cstackCOMRAM 000020
___ftdiv                    text42       0021D4
___ftdiv@cntr               cstackCOMRAM 000024
___ftdiv@exp                cstackCOMRAM 000028
___ftdiv@f1                 cstackCOMRAM 00001B
___ftdiv@f2                 cstackCOMRAM 00001E
___ftdiv@f3                 cstackCOMRAM 000025
___ftdiv@sign               cstackCOMRAM 000029
___ftge                     text25       0026B8
___ftge@ff1                 cstackCOMRAM 00000F
___ftge@ff2                 cstackCOMRAM 000012
___ftmul                    text41       0020E4
___ftmul@cntr               cstackCOMRAM 000037
___ftmul@exp                cstackCOMRAM 000033
___ftmul@f1                 cstackCOMRAM 00002A
___ftmul@f2                 cstackCOMRAM 00002D
___ftmul@f3_as_product      cstackCOMRAM 000034
___ftmul@sign               cstackCOMRAM 000038
___ftneg                    text24       002E7A
___ftneg@f1                 cstackCOMRAM 00000F
___ftpack                   text44       002442
___ftpack@arg               cstackCOMRAM 00000F
___ftpack@exp               cstackCOMRAM 000012
___ftpack@sign              cstackCOMRAM 000013
___ftsub                    text22       002D98
___ftsub@f1                 cstackCOMRAM 000023
___ftsub@f2                 cstackCOMRAM 000026
___fttol                    text21       001E7C
___fttol@exp1               cstackBANK0  000065
___fttol@f1                 cstackCOMRAM 000040
___fttol@lval               cstackBANK0  000061
___fttol@sign1              cstackBANK0  000060
___inthi_sp                 stack        000000
___intlo_sp                 stack        000000
___lldiv                    text20       002856
___lldiv@counter            cstackCOMRAM 00001B
___lldiv@dividend           cstackCOMRAM 00000F
___lldiv@divisor            cstackCOMRAM 000013
___lldiv@quotient           cstackCOMRAM 000017
___llmod                    text19       0029BA
___llmod@counter            cstackCOMRAM 000024
___llmod@dividend           cstackCOMRAM 00001C
___llmod@divisor            cstackCOMRAM 000020
___lltoft                   text18       002B48
___lltoft@c                 cstackCOMRAM 000017
___lltoft@exp               cstackCOMRAM 00001F
___sp                       stack        000000
___wmul                     text13       002E54
___wmul@multiplicand        cstackCOMRAM 00001F
___wmul@multiplier          cstackCOMRAM 00001D
___wmul@product             cstackCOMRAM 000021
__accesstop                 (abs)        000060
__activetblptr              (abs)        000002
__div_to_l_                 text17       001D14
__div_to_l_@cntr            cstackCOMRAM 00001D
__div_to_l_@exp1            cstackCOMRAM 00001E
__div_to_l_@f1              cstackCOMRAM 00000F
__div_to_l_@f2              cstackCOMRAM 000012
__div_to_l_@quot            cstackCOMRAM 000019
__doprnt                    text8        0000B0
__doprnt$1972               cstackBANK0  000075
__doprnt$2567               cstackBANK0  000072
__doprnt@_val               cstackBANK0  00008B
__doprnt@ap                 cstackBANK0  00006A
__doprnt@c                  cstackBANK0  000095
__doprnt@exp                cstackBANK0  000089
__doprnt@f                  cstackBANK0  000068
__doprnt@flag               cstackBANK0  000090
__doprnt@fval               cstackBANK0  000092
__doprnt@idx                cstackBANK0  000079
__doprnt@integ              cstackBANK0  000082
__doprnt@pb                 cstackBANK0  000066
__doprnt@prec               cstackBANK0  000085
__doprnt@vd                 cstackBANK0  00007A
__doprnt@vd_1974            cstackBANK0  00007E
__doprnt@width              cstackBANK0  000087
__end_of__I2CAddress        text37       002FCA
__end_of__I2CInit           text5        002C5A
__end_of__I2CReceive        text36       002DFE
__end_of__I2CRepeatedStart  text35       002FA8
__end_of__I2CSend           text38       002F72
__end_of__I2CStart          text34       002F96
__end_of__I2CStop           text33       002F84
__end_of__I2CWait           text39       002FBA
__end_of__UART1Init         text4        002AE8
__end_of__UART1Send         text51       002D5E
__end_of__UART2Init         text3        002A84
__end_of__UART2Send         text50       002D20
__end_of___awdiv            text15       00258E
__end_of___awmod            text14       0026B8
__end_of___awtoft           text43       002CA2
__end_of___ftadd            text23       001B72
__end_of___ftdiv            text42       0022B6
__end_of___ftge             text25       002748
__end_of___ftmul            text41       0021D4
__end_of___ftneg            text24       002EA0
__end_of___ftpack           text44       0024EA
__end_of___ftsub            text22       002DCE
__end_of___fttol            text21       001FB2
__end_of___lldiv            text20       0028D8
__end_of___llmod            text19       002A20
__end_of___lltoft           text18       002BA4
__end_of___wmul             text13       002E7A
__end_of__div_to_l_         text17       001E7C
__end_of__doprnt            text8        00136C
__end_of__initialization    cinit        002B3E
__end_of__npowers_          mediumconst  007F1C
__end_of__powers_           mediumconst  007F43
__end_of__stringdata        mediumconst  007FFF
__end_of__tdiv_to_l_        text16       0020E4
__end_of_bcdtodec           text32       002E54
__end_of_broadcastConvert   text45       002F46
__end_of_dpowers            mediumconst  007EF5
__end_of_fround             text12       0019C6
__end_of_getADC9            text40       0027D2
__end_of_getDate            text30       002856
__end_of_getTemperature     text28       00238A
__end_of_getTime            text26       002954
__end_of_hexpowers          mediumconst  007F63
__end_of_isdigit            text11       002F2A
__end_of_isr                intcode      0000AC
__end_of_loop               text6        001D14
__end_of_main               text0        002F5E
__end_of_onewireInit        text49       002F0A
__end_of_onewireReadBit     text48       002EE8
__end_of_onewireReadByte    text29       002EC4
__end_of_onewireWriteBit    text47       002D98
__end_of_onewireWriteByte   text46       002E2C
__end_of_putch              text10       002FDA
__end_of_scale              text9        001774
__end_of_setup              text1        002628
__end_of_sprintf            text7        0029BA
__end_of_timer0init         text2        002442
__end_of_toHour             text27       002C00
__end_of_toMonth            text31       002CE2
__initialization            cinit        002AE8
__mediumconst               mediumconst  007ECC
__npowers_                  mediumconst  007EF5
__pbssBANK0                 bssBANK0     0000B2
__pbssBANK1                 bssBANK1     000100
__pbssCOMRAM                bssCOMRAM    000049
__pcinit                    cinit        002AE8
__pcstackBANK0              cstackBANK0  000060
__pcstackCOMRAM             cstackCOMRAM 000001
__pdataBANK0                dataBANK0    0000CF
__pdataCOMRAM               dataCOMRAM   000051
__pidataBANK0               idataBANK0   002FCA
__pidataCOMRAM              idataCOMRAM  002FDA
__pintcode                  intcode      000008
__pmediumconst              mediumconst  007ECC
__powers_                   mediumconst  007F1C
__ptext0                    text0        002F46
__ptext1                    text1        00258E
__ptext10                   text10       002FD8
__ptext11                   text11       002F0A
__ptext12                   text12       001774
__ptext13                   text13       002E54
__ptext14                   text14       002628
__ptext15                   text15       0024EA
__ptext16                   text16       001FB2
__ptext17                   text17       001D14
__ptext18                   text18       002B48
__ptext19                   text19       0029BA
__ptext2                    text2        00238A
__ptext20                   text20       002856
__ptext21                   text21       001E7C
__ptext22                   text22       002D98
__ptext23                   text23       0019C6
__ptext24                   text24       002E7A
__ptext25                   text25       0026B8
__ptext26                   text26       0028D8
__ptext27                   text27       002BA4
__ptext28                   text28       0022B6
__ptext29                   text29       002EA0
__ptext3                    text3        002A20
__ptext30                   text30       0027D2
__ptext31                   text31       002CA2
__ptext32                   text32       002E2C
__ptext33                   text33       002F72
__ptext34                   text34       002F84
__ptext35                   text35       002F96
__ptext36                   text36       002DCE
__ptext37                   text37       002FBA
__ptext38                   text38       002F5E
__ptext39                   text39       002FA8
__ptext4                    text4        002A84
__ptext40                   text40       002748
__ptext41                   text41       0020E4
__ptext42                   text42       0021D4
__ptext43                   text43       002C5A
__ptext44                   text44       002442
__ptext45                   text45       002F2A
__ptext46                   text46       002DFE
__ptext47                   text47       002D5E
__ptext48                   text48       002EC4
__ptext49                   text49       002EE8
__ptext5                    text5        002C00
__ptext50                   text50       002CE2
__ptext51                   text51       002D20
__ptext6                    text6        001B72
__ptext7                    text7        002954
__ptext8                    text8        0000B0
__ptext9                    text9        00136C
__ramtop                    ramtop       000F00
__size_of__I2CAddress       (abs)        000000
__size_of__I2CInit          (abs)        000000
__size_of__I2CReceive       (abs)        000000
__size_of__I2CRepeatedStart (abs)        000000
__size_of__I2CSend          (abs)        000000
__size_of__I2CStart         (abs)        000000
__size_of__I2CStop          (abs)        000000
__size_of__I2CWait          (abs)        000000
__size_of__UART1Init        (abs)        000000
__size_of__UART1Send        (abs)        000000
__size_of__UART2Init        (abs)        000000
__size_of__UART2Send        (abs)        000000
__size_of___awdiv           (abs)        000000
__size_of___awmod           (abs)        000000
__size_of___awtoft          (abs)        000000
__size_of___ftadd           (abs)        000000
__size_of___ftdiv           (abs)        000000
__size_of___ftge            (abs)        000000
__size_of___ftmul           (abs)        000000
__size_of___ftneg           (abs)        000000
__size_of___ftpack          (abs)        000000
__size_of___ftsub           (abs)        000000
__size_of___fttol           (abs)        000000
__size_of___lldiv           (abs)        000000
__size_of___llmod           (abs)        000000
__size_of___lltoft          (abs)        000000
__size_of___wmul            (abs)        000000
__size_of__div_to_l_        (abs)        000000
__size_of__doprnt           (abs)        000000
__size_of__tdiv_to_l_       (abs)        000000
__size_of_bcdtodec          (abs)        000000
__size_of_broadcastConvert  (abs)        000000
__size_of_fround            (abs)        000000
__size_of_getADC9           (abs)        000000
__size_of_getDate           (abs)        000000
__size_of_getTemperature    (abs)        000000
__size_of_getTime           (abs)        000000
__size_of_isdigit           (abs)        000000
__size_of_isr               (abs)        000000
__size_of_loop              (abs)        000000
__size_of_main              (abs)        000000
__size_of_onewireInit       (abs)        000000
__size_of_onewireReadBit    (abs)        000000
__size_of_onewireReadByte   (abs)        000000
__size_of_onewireWriteBit   (abs)        000000
__size_of_onewireWriteByte  (abs)        000000
__size_of_putch             (abs)        000000
__size_of_scale             (abs)        000000
__size_of_setup             (abs)        000000
__size_of_sprintf           (abs)        000000
__size_of_timer0init        (abs)        000000
__size_of_toHour            (abs)        000000
__size_of_toMonth           (abs)        000000
__smallconst                smallconst   000000
__stringdata                mediumconst  007F63
__tdiv_to_l_                text16       001FB2
__tdiv_to_l_@cntr           cstackCOMRAM 00001C
__tdiv_to_l_@exp1           cstackCOMRAM 00001D
__tdiv_to_l_@f1             cstackCOMRAM 00000F
__tdiv_to_l_@f2             cstackCOMRAM 000012
__tdiv_to_l_@quot           cstackCOMRAM 000018
_adc                        bssBANK0     0000C7
_bcdtodec                   text32       002E2C
_broadcastConvert           text45       002F2A
_day                        dataBANK0    0000DA
_dow                        dataCOMRAM   000051
_dpowers                    mediumconst  007ECD
_fround                     text12       001774
_fround$2564                cstackCOMRAM 00003F
_fround$2565                cstackCOMRAM 00003C
_getADC9                    text40       002748
_getDate                    text30       0027D2
_getTemperature             text28       0022B6
_getTime                    text26       0028D8
_hexpowers                  mediumconst  007F43
_hour                       bssBANK0     0000CC
_isdigit                    text11       002F0A
_isdigit$2257               cstackCOMRAM 000010
_isr                        intcode      000008
_loop                       text6        001B72
_main                       text0        002F46
_message                    bssBANK1     000100
_minute                     bssBANK0     0000CD
_month                      dataBANK0    0000DB
_onewireInit                text49       002EE8
_onewireReadBit             text48       002EC4
_onewireReadByte            text29       002EA0
_onewireWriteBit            text47       002D5E
_onewireWriteByte           text46       002DFE
_putch                      text10       002FD8
_scale                      text9        00136C
_scale$2566                 cstackCOMRAM 00003C
_second                     bssBANK0     0000CE
_setup                      text1        00258E
_sprintf                    text7        002954
_start                      dataBANK0    0000D1
_temp                       bssBANK0     0000C4
_tempAddress                dataBANK0    0000D2
_timer0                     bssBANK0     0000CA
_timer0init                 text2        00238A
_timer0init$2563            cstackBANK0  00006F
_toHour                     text27       002BA4
_toMonth                    text31       002CA2
_year                       dataBANK0    0000DC
_year1                      dataBANK0    0000CF
bcdtodec@bcd                cstackCOMRAM 000012
bcdtodec@dec                cstackCOMRAM 00000F
end_of_initialization       cinit        002B3E
fround@prec                 cstackCOMRAM 000042
getADC9@adc                 cstackCOMRAM 00003D
getADC9@zonnekracht         cstackCOMRAM 000039
getDate@day                 cstackCOMRAM 000015
getDate@month               cstackCOMRAM 000017
getDate@year                cstackCOMRAM 000019
getTemperature@F206         bssBANK0     0000B2
getTemperature@address      cstackCOMRAM 000039
getTemperature@i            cstackBANK0  00006C
getTemperature@scratchPad   cstackBANK0  000060
getTemperature@temperature  cstackBANK0  000069
getTemperatureInt@F211      bssBANK0     0000BB
getTime@hour                cstackCOMRAM 000013
getTime@minute              cstackCOMRAM 000015
getTime@second              cstackCOMRAM 000017
intlevel0                   text         000000
intlevel1                   text         000000
intlevel2                   text         000000
intlevel3                   text         000000
isdigit@c                   cstackCOMRAM 000011
onewireReadBit@result       cstackCOMRAM 00000F
onewireReadByte@loop        cstackCOMRAM 000011
onewireReadByte@result      cstackCOMRAM 000010
onewireWriteBit@b           cstackCOMRAM 00000F
onewireWriteByte@data       cstackCOMRAM 000012
onewireWriteByte@loop       cstackCOMRAM 000013
printSingleAddress@F214     bssCOMRAM    000049
scale@scl                   cstackCOMRAM 00003F
sprintf@ap                  cstackBANK0  0000AC
sprintf@f                   cstackBANK0  000098
sprintf@pb                  cstackBANK0  0000AE
sprintf@wh                  cstackBANK0  000096
stackhi                     (abs)        0009FF
stacklo                     (abs)        000150
start                       init         0000AC
start_initialization        cinit        002AE8
timer0init@seconds          cstackBANK0  000068
timer0init@timer0           cstackBANK0  000066
toHour@h                    cstackCOMRAM 000012
toHour@hour                 cstackCOMRAM 00000F
toMonth@m                   cstackCOMRAM 000014
toMonth@month               cstackCOMRAM 00000F
toMonth@year                cstackCOMRAM 000011


FUNCTION INFORMATION:

 *************** function _main *****************
 Defined at:
		line 38 in file "src/main.c"
 Parameters:    Size  Location     Type
		None
 Auto vars:     Size  Location     Type
		None
 Return value:  Size  Location     Type
		None               void
 Registers used:
		wreg, fsr1l, fsr1h, fsr2l, fsr2h, status,2, status,0, pclat, tosl, tblptrl, tblptrh, tblptru, prodl, prodh, cstack
 Tracked objects:
		On entry : 
		On exit  : 
		Unchanged: 
 Data sizes:     COMRAM   BANK0   BANK1   BANK2   BANK3   BANK4   BANK5   BANK6   BANK7   BANK8   BANK9  BANK10  BANK11  BANK12  BANK13  BANK14
      Params:         0       0       0       0       0       0       0       0       0       0       0       0       0       0       0       0
      Locals:         0       0       0       0       0       0       0       0       0       0       0       0       0       0       0       0
      Temps:          0       0       0       0       0       0       0       0       0       0       0       0       0       0       0       0
      Totals:         0       0       0       0       0       0       0       0       0       0       0       0       0       0       0       0
Total ram usage:        0 bytes
 Hardware stack levels required when called:    7
 This function calls:
		_loop
		_setup
 This function is called by:
		Startup code after reset
 This function uses a non-reentrant model


 *************** function _setup *****************
 Defined at:
		line 47 in file "src/main.c"
 Parameters:    Size  Location     Type
		None
 Auto vars:     Size  Location     Type
		None
 Return value:  Size  Location     Type
		None               void
 Registers used:
		wreg, fsr2l, fsr2h, status,2, status,0, pclat, tosl, tblptrl, tblptrh, tblptru, prodl, prodh, cstack
 Tracked objects:
		On entry : 
		On exit  : 
		Unchanged: 
 Data sizes:     COMRAM   BANK0   BANK1   BANK2   BANK3   BANK4   BANK5   BANK6   BANK7   BANK8   BANK9  BANK10  BANK11  BANK12  BANK13  BANK14
      Params:         0       0       0       0       0       0       0       0       0       0       0       0       0       0       0       0
      Locals:         0       0       0       0       0       0       0       0       0       0       0       0       0       0       0       0
      Temps:          0       0       0       0       0       0       0       0       0       0       0       0       0       0       0       0
      Totals:         0       0       0       0       0       0       0       0       0       0       0       0       0       0       0       0
Total ram usage:        0 bytes
 Hardware stack levels used:    1
 Hardware stack levels required when called:    6
 This function calls:
		__I2CInit
		__UART1Init
		__UART2Init
		__UART2Send
		_sprintf
		_timer0init
 This function is called by:
		_main
 This function uses a non-reentrant model


 *************** function _timer0init *****************
 Defined at:
		line 3 in file "src/timers.c"
 Parameters:    Size  Location     Type
  timer0          2    6[BANK0 ] PTR struct .
		 -> timer0(2), 
  seconds         3    8[BANK0 ] float 
 Auto vars:     Size  Location     Type
		None
 Return value:  Size  Location     Type
		None               void
 Registers used:
		wreg, fsr2l, fsr2h, status,2, status,0, cstack
 Tracked objects:
		On entry : 
		On exit  : 
		Unchanged: 
 Data sizes:     COMRAM   BANK0   BANK1   BANK2   BANK3   BANK4   BANK5   BANK6   BANK7   BANK8   BANK9  BANK10  BANK11  BANK12  BANK13  BANK14
      Params:         0       5       0       0       0       0       0       0       0       0       0       0       0       0       0       0
      Locals:         0       3       0       0       0       0       0       0       0       0       0       0       0       0       0       0
      Temps:          0       4       0       0       0       0       0       0       0       0       0       0       0       0       0       0
      Totals:         0      12       0       0       0       0       0       0       0       0       0       0       0       0       0       0
Total ram usage:       12 bytes
 Hardware stack levels used:    1
 Hardware stack levels required when called:    3
 This function calls:
		___ftadd
		___ftmul
		___ftneg
		___fttol
 This function is called by:
		_setup
 This function uses a non-reentrant model


 *************** function __UART2Init *****************
 Defined at:
		line 46 in file "src/EUSART.c"
 Parameters:    Size  Location     Type
  BRate           4   27[COMRAM] unsigned long 
 Auto vars:     Size  Location     Type
		None
 Return value:  Size  Location     Type
		None               void
 Registers used:
		wreg, status,2, status,0, cstack
 Tracked objects:
		On entry : 
		On exit  : 
		Unchanged: 
 Data sizes:     COMRAM   BANK0   BANK1   BANK2   BANK3   BANK4   BANK5   BANK6   BANK7   BANK8   BANK9  BANK10  BANK11  BANK12  BANK13  BANK14
      Params:         4       0       0       0       0       0       0       0       0       0       0       0       0       0       0       0
      Locals:         0       0       0       0       0       0       0       0       0       0       0       0       0       0       0       0
      Temps:          4       0       0       0       0       0       0       0       0       0       0       0       0       0       0       0
      Totals:         8       0       0       0       0       0       0       0       0       0       0       0       0       0       0       0
Total ram usage:        8 bytes
 Hardware stack levels used:    1
 Hardware stack levels required when called:    2
 This function calls:
		___lldiv
 This function is called by:
		_setup
 This function uses a non-reentrant model


 *************** function __UART1Init *****************
 Defined at:
		line 18 in file "src/EUSART.c"
 Parameters:    Size  Location     Type
  BRate           4   27[COMRAM] unsigned long 
 Auto vars:     Size  Location     Type
		None
 Return value:  Size  Location     Type
		None               void
 Registers used:
		wreg, status,2, status,0, cstack
 Tracked objects:
		On entry : 
		On exit  : 
		Unchanged: 
 Data sizes:     COMRAM   BANK0   BANK1   BANK2   BANK3   BANK4   BANK5   BANK6   BANK7   BANK8   BANK9  BANK10  BANK11  BANK12  BANK13  BANK14
      Params:         4       0       0       0       0       0       0       0       0       0       0       0       0       0       0       0
      Locals:         0       0       0       0       0       0       0       0       0       0       0       0       0       0       0       0
      Temps:          4       0       0       0       0       0       0       0       0       0       0       0       0       0       0       0
      Totals:         8       0       0       0       0       0       0       0       0       0       0       0       0       0       0       0
Total ram usage:        8 bytes
 Hardware stack levels used:    1
 Hardware stack levels required when called:    2
 This function calls:
		___lldiv
 This function is called by:
		_setup
 This function uses a non-reentrant model


 *************** function __I2CInit *****************
 Defined at:
		line 57 in file "src/I2C.c"
 Parameters:    Size  Location     Type
  BRate           4   27[COMRAM] unsigned long 
 Auto vars:     Size  Location     Type
		None
 Return value:  Size  Location     Type
		None               void
 Registers used:
		wreg, status,2, status,0, cstack
 Tracked objects:
		On entry : 
		On exit  : 
		Unchanged: 
 Data sizes:     COMRAM   BANK0   BANK1   BANK2   BANK3   BANK4   BANK5   BANK6   BANK7   BANK8   BANK9  BANK10  BANK11  BANK12  BANK13  BANK14
      Params:         4       0       0       0       0       0       0       0       0       0       0       0       0       0       0       0
      Locals:         0       0       0       0       0       0       0       0       0       0       0       0       0       0       0       0
      Temps:          4       0       0       0       0       0       0       0       0       0       0       0       0       0       0       0
      Totals:         8       0       0       0       0       0       0       0       0       0       0       0       0       0       0       0
Total ram usage:        8 bytes
 Hardware stack levels used:    1
 Hardware stack levels required when called:    2
 This function calls:
		___lldiv
 This function is called by:
		_setup
 This function uses a non-reentrant model


 *************** function _loop *****************
 Defined at:
		line 58 in file "src/main.c"
 Parameters:    Size  Location     Type
		None
 Auto vars:     Size  Location     Type
		None
 Return value:  Size  Location     Type
		None               void
 Registers used:
		wreg, fsr1l, fsr1h, fsr2l, fsr2h, status,2, status,0, pclat, tosl, tblptrl, tblptrh, tblptru, prodl, prodh, cstack
 Tracked objects:
		On entry : 
		On exit  : 
		Unchanged: 
 Data sizes:     COMRAM   BANK0   BANK1   BANK2   BANK3   BANK4   BANK5   BANK6   BANK7   BANK8   BANK9  BANK10  BANK11  BANK12  BANK13  BANK14
      Params:         0       0       0       0       0       0       0       0       0       0       0       0       0       0       0       0
      Locals:         0       0       0       0       0       0       0       0       0       0       0       0       0       0       0       0
      Temps:          0       0       0       0       0       0       0       0       0       0       0       0       0       0       0       0
      Totals:         0       0       0       0       0       0       0       0       0       0       0       0       0       0       0       0
Total ram usage:        0 bytes
 Hardware stack levels used:    1
 Hardware stack levels required when called:    6
 This function calls:
		__UART1Send
		__UART2Send
		_broadcastConvert
		_getADC9
		_getDate
		_getTemperature
		_getTime
		_sprintf
 This function is called by:
		_main
 This function uses a non-reentrant model


 *************** function _sprintf *****************
 Defined at:
		line 13 in file "C:\Program Files (x86)\Microchip\xc8\v1.33\sources\common\sprintf.c"
 Parameters:    Size  Location     Type
  wh              2   54[BANK0 ] PTR unsigned char 
		 -> message(80), 
  f               2   56[BANK0 ] PTR const unsigned char 
		 -> STR_3(37), STR_2(67), STR_1(17), 
 Auto vars:     Size  Location     Type
  pb              4   78[BANK0 ] struct __prbuf
  ap              2   76[BANK0 ] PTR void [1]
		 -> ?_sprintf(2), ?_printf(2), 
 Return value:  Size  Location     Type
                  2   54[BANK0 ] int 
 Registers used:
		wreg, fsr2l, fsr2h, status,2, status,0, pclat, tosl, tblptrl, tblptrh, tblptru, prodl, prodh, cstack
 Tracked objects:
		On entry : 
		On exit  : 
		Unchanged: 
 Data sizes:     COMRAM   BANK0   BANK1   BANK2   BANK3   BANK4   BANK5   BANK6   BANK7   BANK8   BANK9  BANK10  BANK11  BANK12  BANK13  BANK14
      Params:         0      22       0       0       0       0       0       0       0       0       0       0       0       0       0       0
      Locals:         0       6       0       0       0       0       0       0       0       0       0       0       0       0       0       0
      Temps:          0       0       0       0       0       0       0       0       0       0       0       0       0       0       0       0
      Totals:         0      28       0       0       0       0       0       0       0       0       0       0       0       0       0       0
Total ram usage:       28 bytes
 Hardware stack levels used:    1
 Hardware stack levels required when called:    5
 This function calls:
		__doprnt
 This function is called by:
		_setup
		_loop
 This function uses a non-reentrant model


 *************** function __doprnt *****************
 Defined at:
		line 458 in file "C:\Program Files (x86)\Microchip\xc8\v1.33\sources\common\doprnt.c"
 Parameters:    Size  Location     Type
  pb              2    6[BANK0 ] PTR struct __prbuf
		 -> sprintf@pb(4), printf@pb(4), 
  f               2    8[BANK0 ] PTR const unsigned char 
		 -> STR_5(12), STR_4(6), STR_3(37), STR_2(67), 
		 -> STR_1(17), 
  ap              2   10[BANK0 ] PTR PTR void 
		 -> sprintf@ap(2), printf@ap(2), 
 Auto vars:     Size  Location     Type
  idx             1   25[BANK0 ] unsigned char 
  vd              4   26[BANK0 ] unsigned long 
  vd              4   30[BANK0 ] unsigned long 
  _val            5   43[BANK0 ] struct .
  fval            3   50[BANK0 ] struct .
  integ           3   34[BANK0 ] struct .
  ival            3    0        struct .
  flag            2   48[BANK0 ] unsigned short 
  exp             2   41[BANK0 ] int 
  width           2   39[BANK0 ] int 
  prec            2   37[BANK0 ] int 
  c               1   53[BANK0 ] char 
  d               1    0        unsigned char 
 Return value:  Size  Location     Type
                  2    6[BANK0 ] int 
 Registers used:
		wreg, fsr2l, fsr2h, status,2, status,0, pclat, tosl, tblptrl, tblptrh, tblptru, prodl, prodh, cstack
 Tracked objects:
		On entry : 
		On exit  : 
		Unchanged: 
 Data sizes:     COMRAM   BANK0   BANK1   BANK2   BANK3   BANK4   BANK5   BANK6   BANK7   BANK8   BANK9  BANK10  BANK11  BANK12  BANK13  BANK14
      Params:         0       6       0       0       0       0       0       0       0       0       0       0       0       0       0       0
      Locals:         0      36       0       0       0       0       0       0       0       0       0       0       0       0       0       0
      Temps:          0       6       0       0       0       0       0       0       0       0       0       0       0       0       0       0
      Totals:         0      48       0       0       0       0       0       0       0       0       0       0       0       0       0       0
Total ram usage:       48 bytes
 Hardware stack levels used:    1
 Hardware stack levels required when called:    4
 This function calls:
		Absolute function
		___awdiv
		___ftadd
		___ftge
		___ftmul
		___ftneg
		___ftsub
		___fttol
		___lldiv
		___llmod
		___lltoft
		___wmul
		__div_to_l_
		__tdiv_to_l_
		_fround
		_isdigit
		_putch
		_scale
 This function is called by:
		_sprintf
 This function uses a non-reentrant model


 *************** function _scale *****************
 Defined at:
		line 425 in file "C:\Program Files (x86)\Microchip\xc8\v1.33\sources\common\doprnt.c"
 Parameters:    Size  Location     Type
  scl             1    wreg     char 
 Auto vars:     Size  Location     Type
  scl             1   62[COMRAM] char 
 Return value:  Size  Location     Type
                  3   56[COMRAM] char 
 Registers used:
		wreg, status,2, status,0, tblptrl, tblptrh, tblptru, prodl, prodh, cstack
 Tracked objects:
		On entry : 
		On exit  : 
		Unchanged: 
 Data sizes:     COMRAM   BANK0   BANK1   BANK2   BANK3   BANK4   BANK5   BANK6   BANK7   BANK8   BANK9  BANK10  BANK11  BANK12  BANK13  BANK14
      Params:         3       0       0       0       0       0       0       0       0       0       0       0       0       0       0       0
      Locals:         4       0       0       0       0       0       0       0       0       0       0       0       0       0       0       0
      Temps:          0       0       0       0       0       0       0       0       0       0       0       0       0       0       0       0
      Totals:         7       0       0       0       0       0       0       0       0       0       0       0       0       0       0       0
Total ram usage:        7 bytes
 Hardware stack levels used:    1
 Hardware stack levels required when called:    3
 This function calls:
		___awdiv
		___awmod
		___ftmul
		___wmul
 This function is called by:
		__doprnt
 This function uses a non-reentrant model


 *************** function _putch *****************
 Defined at:
		line 7 in file "C:\Program Files (x86)\Microchip\xc8\v1.33\sources\common\putch.c"
 Parameters:    Size  Location     Type
  c               1    wreg     unsigned char 
 Auto vars:     Size  Location     Type
  c               1    0[COMRAM] unsigned char 
 Return value:  Size  Location     Type
		None               void
 Registers used:
		wreg
 Tracked objects:
		On entry : 
		On exit  : 
		Unchanged: 
 Data sizes:     COMRAM   BANK0   BANK1   BANK2   BANK3   BANK4   BANK5   BANK6   BANK7   BANK8   BANK9  BANK10  BANK11  BANK12  BANK13  BANK14
      Params:         0       0       0       0       0       0       0       0       0       0       0       0       0       0       0       0
      Locals:         0       0       0       0       0       0       0       0       0       0       0       0       0       0       0       0
      Temps:          0       0       0       0       0       0       0       0       0       0       0       0       0       0       0       0
      Totals:         0       0       0       0       0       0       0       0       0       0       0       0       0       0       0       0
Total ram usage:        0 bytes
 Hardware stack levels used:    1
 Hardware stack levels required when called:    1
 This function calls:
		Nothing
 This function is called by:
		__doprnt
 This function uses a non-reentrant model


 *************** function _isdigit *****************
 Defined at:
		line 8 in file "C:\Program Files (x86)\Microchip\xc8\v1.33\sources\common\isdigit.c"
 Parameters:    Size  Location     Type
  c               1    wreg     unsigned char 
 Auto vars:     Size  Location     Type
  c               1   16[COMRAM] unsigned char 
 Return value:  Size  Location     Type
		None               void
 Registers used:
		wreg, status,2, status,0
 Tracked objects:
		On entry : 
		On exit  : 
		Unchanged: 
 Data sizes:     COMRAM   BANK0   BANK1   BANK2   BANK3   BANK4   BANK5   BANK6   BANK7   BANK8   BANK9  BANK10  BANK11  BANK12  BANK13  BANK14
      Params:         0       0       0       0       0       0       0       0       0       0       0       0       0       0       0       0
      Locals:         2       0       0       0       0       0       0       0       0       0       0       0       0       0       0       0
      Temps:          1       0       0       0       0       0       0       0       0       0       0       0       0       0       0       0
      Totals:         3       0       0       0       0       0       0       0       0       0       0       0       0       0       0       0
Total ram usage:        3 bytes
 Hardware stack levels used:    1
 Hardware stack levels required when called:    1
 This function calls:
		Nothing
 This function is called by:
		__doprnt
 This function uses a non-reentrant model


 *************** function _fround *****************
 Defined at:
		line 409 in file "C:\Program Files (x86)\Microchip\xc8\v1.33\sources\common\doprnt.c"
 Parameters:    Size  Location     Type
  prec            1    wreg     unsigned char 
 Auto vars:     Size  Location     Type
  prec            1   65[COMRAM] unsigned char 
 Return value:  Size  Location     Type
                  3   56[COMRAM] unsigned char 
 Registers used:
		wreg, status,2, status,0, tblptrl, tblptrh, tblptru, prodl, prodh, cstack
 Tracked objects:
		On entry : 
		On exit  : 
		Unchanged: 
 Data sizes:     COMRAM   BANK0   BANK1   BANK2   BANK3   BANK4   BANK5   BANK6   BANK7   BANK8   BANK9  BANK10  BANK11  BANK12  BANK13  BANK14
      Params:         3       0       0       0       0       0       0       0       0       0       0       0       0       0       0       0
      Locals:         7       0       0       0       0       0       0       0       0       0       0       0       0       0       0       0
      Temps:          0       0       0       0       0       0       0       0       0       0       0       0       0       0       0       0
      Totals:        10       0       0       0       0       0       0       0       0       0       0       0       0       0       0       0
Total ram usage:       10 bytes
 Hardware stack levels used:    1
 Hardware stack levels required when called:    3
 This function calls:
		___awdiv
		___awmod
		___ftmul
		___wmul
 This function is called by:
		__doprnt
 This function uses a non-reentrant model


 *************** function ___wmul *****************
 Defined at:
		line 15 in file "C:\Program Files (x86)\Microchip\xc8\v1.33\sources\common\Umul16.c"
 Parameters:    Size  Location     Type
  multiplier      2   28[COMRAM] unsigned int 
  multiplicand    2   30[COMRAM] unsigned int 
 Auto vars:     Size  Location     Type
  product         2   32[COMRAM] unsigned int 
 Return value:  Size  Location     Type
                  2   28[COMRAM] unsigned int 
 Registers used:
		wreg, status,2, status,0, prodl, prodh
 Tracked objects:
		On entry : 
		On exit  : 
		Unchanged: 
 Data sizes:     COMRAM   BANK0   BANK1   BANK2   BANK3   BANK4   BANK5   BANK6   BANK7   BANK8   BANK9  BANK10  BANK11  BANK12  BANK13  BANK14
      Params:         4       0       0       0       0       0       0       0       0       0       0       0       0       0       0       0
      Locals:         2       0       0       0       0       0       0       0       0       0       0       0       0       0       0       0
      Temps:          0       0       0       0       0       0       0       0       0       0       0       0       0       0       0       0
      Totals:         6       0       0       0       0       0       0       0       0       0       0       0       0       0       0       0
Total ram usage:        6 bytes
 Hardware stack levels used:    1
 Hardware stack levels required when called:    1
 This function calls:
		Nothing
 This function is called by:
		_fround
		_scale
		__doprnt
 This function uses a non-reentrant model


 *************** function ___awmod *****************
 Defined at:
		line 8 in file "C:\Program Files (x86)\Microchip\xc8\v1.33\sources\common\awmod.c"
 Parameters:    Size  Location     Type
  dividend        2   14[COMRAM] int 
  divisor         2   16[COMRAM] int 
 Auto vars:     Size  Location     Type
  sign            1   19[COMRAM] unsigned char 
  counter         1   18[COMRAM] unsigned char 
 Return value:  Size  Location     Type
                  2   14[COMRAM] int 
 Registers used:
		wreg, status,2, status,0, prodl
 Tracked objects:
		On entry : 
		On exit  : 
		Unchanged: 
 Data sizes:     COMRAM   BANK0   BANK1   BANK2   BANK3   BANK4   BANK5   BANK6   BANK7   BANK8   BANK9  BANK10  BANK11  BANK12  BANK13  BANK14
      Params:         4       0       0       0       0       0       0       0       0       0       0       0       0       0       0       0
      Locals:         2       0       0       0       0       0       0       0       0       0       0       0       0       0       0       0
      Temps:          0       0       0       0       0       0       0       0       0       0       0       0       0       0       0       0
      Totals:         6       0       0       0       0       0       0       0       0       0       0       0       0       0       0       0
Total ram usage:        6 bytes
 Hardware stack levels used:    1
 Hardware stack levels required when called:    1
 This function calls:
		Nothing
 This function is called by:
		_fround
		_scale
 This function uses a non-reentrant model


 *************** function ___awdiv *****************
 Defined at:
		line 8 in file "C:\Program Files (x86)\Microchip\xc8\v1.33\sources\common\awdiv.c"
 Parameters:    Size  Location     Type
  dividend        2   20[COMRAM] int 
  divisor         2   22[COMRAM] int 
 Auto vars:     Size  Location     Type
  quotient        2   26[COMRAM] int 
  sign            1   25[COMRAM] unsigned char 
  counter         1   24[COMRAM] unsigned char 
 Return value:  Size  Location     Type
                  2   20[COMRAM] int 
 Registers used:
		wreg, status,2, status,0, prodl
 Tracked objects:
		On entry : 
		On exit  : 
		Unchanged: 
 Data sizes:     COMRAM   BANK0   BANK1   BANK2   BANK3   BANK4   BANK5   BANK6   BANK7   BANK8   BANK9  BANK10  BANK11  BANK12  BANK13  BANK14
      Params:         4       0       0       0       0       0       0       0       0       0       0       0       0       0       0       0
      Locals:         4       0       0       0       0       0       0       0       0       0       0       0       0       0       0       0
      Temps:          0       0       0       0       0       0       0       0       0       0       0       0       0       0       0       0
[...]
 This function calls:
		___ftpack
 This function is called by:
		_getTemperature
		_getADC9
 This function uses a non-reentrant model


 *************** function ___ftpack *****************
 Defined at:
		line 62 in file "C:\Program Files (x86)\Microchip\xc8\v1.33\sources\common\float.c"
 Parameters:    Size  Location     Type
  arg             3   14[COMRAM] unsigned um
  exp             1   17[COMRAM] unsigned char 
  sign            1   18[COMRAM] unsigned char 
 Auto vars:     Size  Location     Type
		None
 Return value:  Size  Location     Type
                  3   14[COMRAM] float 
 Registers used:
		wreg, status,2, status,0
 Tracked objects:
		On entry : 
		On exit  : 
		Unchanged: 
 Data sizes:     COMRAM   BANK0   BANK1   BANK2   BANK3   BANK4   BANK5   BANK6   BANK7   BANK8   BANK9  BANK10  BANK11  BANK12  BANK13  BANK14
      Params:         5       0       0       0       0       0       0       0       0       0       0       0       0       0       0       0
      Locals:         0       0       0       0       0       0       0       0       0       0       0       0       0       0       0       0
      Temps:          3       0       0       0       0       0       0       0       0       0       0       0       0       0       0       0
      Totals:         8       0       0       0       0       0       0       0       0       0       0       0       0       0       0       0
Total ram usage:        8 bytes
 Hardware stack levels used:    1
 Hardware stack levels required when called:    1
 This function calls:
		Nothing
 This function is called by:
		___awtoft
		___ftadd
		___ftdiv
		___ftmul
		___lltoft
 This function uses a non-reentrant model


 *************** function _broadcastConvert *****************
 Defined at:
		line 6 in file "src/DS18B20.c"
 Parameters:    Size  Location     Type
		None
 Auto vars:     Size  Location     Type
		None
 Return value:  Size  Location     Type
		None               void
 Registers used:
		wreg, status,2, status,0, cstack
 Tracked objects:
		On entry : 
		On exit  : 
		Unchanged: 
 Data sizes:     COMRAM   BANK0   BANK1   BANK2   BANK3   BANK4   BANK5   BANK6   BANK7   BANK8   BANK9  BANK10  BANK11  BANK12  BANK13  BANK14
      Params:         0       0       0       0       0       0       0       0       0       0       0       0       0       0       0       0
      Locals:         0       0       0       0       0       0       0       0       0       0       0       0       0       0       0       0
      Temps:          0       0       0       0       0       0       0       0       0       0       0       0       0       0       0       0
      Totals:         0       0       0       0       0       0       0       0       0       0       0       0       0       0       0       0
Total ram usage:        0 bytes
 Hardware stack levels used:    1
 Hardware stack levels required when called:    3
 This function calls:
		_onewireInit
		_onewireReadBit
		_onewireWriteByte
 This function is called by:
		_loop
 This function uses a non-reentrant model


 *************** function _onewireWriteByte *****************
 Defined at:
		line 64 in file "src/onewire.c"
 Parameters:    Size  Location     Type
  data            1    wreg     unsigned char 
 Auto vars:     Size  Location     Type
  data            1   17[COMRAM] unsigned char 
  loop            1   18[COMRAM] unsigned char 
 Return value:  Size  Location     Type
		None               void
 Registers used:
		wreg, status,2, status,0, cstack
 Tracked objects:
		On entry : 
		On exit  : 
		Unchanged: 
 Data sizes:     COMRAM   BANK0   BANK1   BANK2   BANK3   BANK4   BANK5   BANK6   BANK7   BANK8   BANK9  BANK10  BANK11  BANK12  BANK13  BANK14
      Params:         0       0       0       0       0       0       0       0       0       0       0       0       0       0       0       0
      Locals:         2       0       0       0       0       0       0       0       0       0       0       0       0       0       0       0
      Temps:          1       0       0       0       0       0       0       0       0       0       0       0       0       0       0       0
      Totals:         3       0       0       0       0       0       0       0       0       0       0       0       0       0       0       0
Total ram usage:        3 bytes
 Hardware stack levels used:    1
 Hardware stack levels required when called:    2
 This function calls:
		_onewireWriteBit
 This function is called by:
		_broadcastConvert
		_getTemperature
		_getTemperatureInt
		_printSingleAddress
 This function uses a non-reentrant model


 *************** function _onewireWriteBit *****************
 Defined at:
		line 4 in file "src/onewire.c"
 Parameters:    Size  Location     Type
  b               2   14[COMRAM] int 
 Auto vars:     Size  Location     Type
		None
 Return value:  Size  Location     Type
		None               void
 Registers used:
		wreg, status,2, status,0
 Tracked objects:
		On entry : 
		On exit  : 
		Unchanged: 
 Data sizes:     COMRAM   BANK0   BANK1   BANK2   BANK3   BANK4   BANK5   BANK6   BANK7   BANK8   BANK9  BANK10  BANK11  BANK12  BANK13  BANK14
      Params:         2       0       0       0       0       0       0       0       0       0       0       0       0       0       0       0
      Locals:         0       0       0       0       0       0       0       0       0       0       0       0       0       0       0       0
      Temps:          0       0       0       0       0       0       0       0       0       0       0       0       0       0       0       0
      Totals:         2       0       0       0       0       0       0       0       0       0       0       0       0       0       0       0
Total ram usage:        2 bytes
 Hardware stack levels used:    1
 Hardware stack levels required when called:    1
 This function calls:
		Nothing
 This function is called by:
		_onewireWriteByte
 This function uses a non-reentrant model


 *************** function _onewireReadBit *****************
 Defined at:
		line 23 in file "src/onewire.c"
 Parameters:    Size  Location     Type
		None
 Auto vars:     Size  Location     Type
  result          1   14[COMRAM] unsigned char 
 Return value:  Size  Location     Type
                  1    wreg      unsigned char 
 Registers used:
		wreg, status,2
 Tracked objects:
		On entry : 
		On exit  : 
		Unchanged: 
 Data sizes:     COMRAM   BANK0   BANK1   BANK2   BANK3   BANK4   BANK5   BANK6   BANK7   BANK8   BANK9  BANK10  BANK11  BANK12  BANK13  BANK14
      Params:         0       0       0       0       0       0       0       0       0       0       0       0       0       0       0       0
      Locals:         1       0       0       0       0       0       0       0       0       0       0       0       0       0       0       0
      Temps:          0       0       0       0       0       0       0       0       0       0       0       0       0       0       0       0
      Totals:         1       0       0       0       0       0       0       0       0       0       0       0       0       0       0       0
Total ram usage:        1 bytes
 Hardware stack levels used:    1
 Hardware stack levels required when called:    1
 This function calls:
		Nothing
 This function is called by:
		_broadcastConvert
		_onewireReadByte
 This function uses a non-reentrant model


 *************** function _onewireInit *****************
 Defined at:
		line 37 in file "src/onewire.c"
 Parameters:    Size  Location     Type
		None
 Auto vars:     Size  Location     Type
		None
 Return value:  Size  Location     Type
                  1    wreg      unsigned char 
 Registers used:
		wreg
 Tracked objects:
		On entry : 
		On exit  : 
		Unchanged: 
 Data sizes:     COMRAM   BANK0   BANK1   BANK2   BANK3   BANK4   BANK5   BANK6   BANK7   BANK8   BANK9  BANK10  BANK11  BANK12  BANK13  BANK14
      Params:         0       0       0       0       0       0       0       0       0       0       0       0       0       0       0       0
      Locals:         0       0       0       0       0       0       0       0       0       0       0       0       0       0       0       0
      Temps:          0       0       0       0       0       0       0       0       0       0       0       0       0       0       0       0
      Totals:         0       0       0       0       0       0       0       0       0       0       0       0       0       0       0       0
Total ram usage:        0 bytes
 Hardware stack levels used:    1
 Hardware stack levels required when called:    1
 This function calls:
		Nothing
 This function is called by:
		_broadcastConvert
		_getTemperature
		_getTemperatureInt
		_printSingleAddress
 This function uses a non-reentrant model


 *************** function __UART2Send *****************
 Defined at:
		line 35 in file "src/EUSART.c"
 Parameters:    Size  Location     Type
  message         2   14[COMRAM] PTR unsigned char 
		 -> message(80), 
 Auto vars:     Size  Location     Type
  i               2   16[COMRAM] unsigned int 
 Return value:  Size  Location     Type
		None               void
 Registers used:
		wreg, fsr2l, fsr2h, status,2, status,0
 Tracked objects:
		On entry : 
		On exit  : 
		Unchanged: 
 Data sizes:     COMRAM   BANK0   BANK1   BANK2   BANK3   BANK4   BANK5   BANK6   BANK7   BANK8   BANK9  BANK10  BANK11  BANK12  BANK13  BANK14
      Params:         2       0       0       0       0       0       0       0       0       0       0       0       0       0       0       0
      Locals:         2       0       0       0       0       0       0       0       0       0       0       0       0       0       0       0
      Temps:          0       0       0       0       0       0       0       0       0       0       0       0       0       0       0       0
      Totals:         4       0       0       0       0       0       0       0       0       0       0       0       0       0       0       0
Total ram usage:        4 bytes
 Hardware stack levels used:    1
 Hardware stack levels required when called:    1
 This function calls:
		Nothing
 This function is called by:
		_setup
		_loop
 This function uses a non-reentrant model


 *************** function __UART1Send *****************
 Defined at:
		line 7 in file "src/EUSART.c"
 Parameters:    Size  Location     Type
  message         2   14[COMRAM] PTR unsigned char 
		 -> message(80), 
 Auto vars:     Size  Location     Type
  i               2   16[COMRAM] unsigned int 
 Return value:  Size  Location     Type
		None               void
 Registers used:
		wreg, fsr2l, fsr2h, status,2, status,0
 Tracked objects:
		On entry : 
		On exit  : 
		Unchanged: 
 Data sizes:     COMRAM   BANK0   BANK1   BANK2   BANK3   BANK4   BANK5   BANK6   BANK7   BANK8   BANK9  BANK10  BANK11  BANK12  BANK13  BANK14
      Params:         2       0       0       0       0       0       0       0       0       0       0       0       0       0       0       0
      Locals:         2       0       0       0       0       0       0       0       0       0       0       0       0       0       0       0
      Temps:          0       0       0       0       0       0       0       0       0       0       0       0       0       0       0       0
      Totals:         4       0       0       0       0       0       0       0       0       0       0       0       0       0       0       0
Total ram usage:        4 bytes
 Hardware stack levels used:    1
 Hardware stack levels required when called:    1
 This function calls:
		Nothing
 This function is called by:
		_loop
 This function uses a non-reentrant model


 *************** function _isr *****************
 Defined at:
		line 19 in file "src/main.c"
 Parameters:    Size  Location     Type
		None
 Auto vars:     Size  Location     Type
		None
 Return value:  Size  Location     Type
		None               void
 Registers used:
		wreg, status,2, status,0
 Tracked objects:
		On entry : 
		On exit  : 
		Unchanged: 
 Data sizes:     COMRAM   BANK0   BANK1   BANK2   BANK3   BANK4   BANK5   BANK6   BANK7   BANK8   BANK9  BANK10  BANK11  BANK12  BANK13  BANK14
      Params:         0       0       0       0       0       0       0       0       0       0       0       0       0       0       0       0
      Locals:         0       0       0       0       0       0       0       0       0       0       0       0       0       0       0       0
      Temps:         14       0       0       0       0       0       0       0       0       0       0       0       0       0       0       0
      Totals:        14       0       0       0       0       0       0       0       0       0       0       0       0       0       0       0
Total ram usage:       14 bytes
 Hardware stack levels used:    1
 This function calls:
		Nothing
 This function is called by:
		Interrupt level 2
 This function uses a non-reentrant model



MODULE INFORMATION

Module		Function		Class		Link	Load	Size
src/DS3231.c
		_getDate       		CODE           	27D2	0000	132
		_bcdtodec      		CODE           	2E2C	0000	40
		_getTime       		CODE           	28D8	0000	124
		_toHour        		CODE           	2BA4	0000	92
		_toMonth       		CODE           	2CA2	0000	64

src/DS3231.c estimated size: 452

C:\Program Files (x86)\Microchip\xc8\v1.33\sources\common\ftneg.c
		___ftneg       		CODE           	2E7A	0000	38

C:\Program Files (x86)\Microchip\xc8\v1.33\sources\common\ftneg.c estimated size: 38

C:\Program Files (x86)\Microchip\xc8\v1.33\sources\common\ftge.c
		___ftge        		CODE           	26B8	0000	144

C:\Program Files (x86)\Microchip\xc8\v1.33\sources\common\ftge.c estimated size: 144

C:\Program Files (x86)\Microchip\xc8\v1.33\sources\common\doprnt.c
		_scale         		CODE           	136C	0000	1032
		_fround        		CODE           	1774	0000	594
		__doprnt       		CODE           	00B0	0000	4796

C:\Program Files (x86)\Microchip\xc8\v1.33\sources\common\doprnt.c estimated size: 6422

C:\Program Files (x86)\Microchip\xc8\v1.33\sources\common\ftsub.c
		___ftsub       		CODE           	2D98	0000	54

C:\Program Files (x86)\Microchip\xc8\v1.33\sources\common\ftsub.c estimated size: 54

C:\Program Files (x86)\Microchip\xc8\v1.33\sources\common\float.c
		___ftpack      		CODE           	2442	0000	168

C:\Program Files (x86)\Microchip\xc8\v1.33\sources\common\float.c estimated size: 168

src/onewire.c
		_onewireWriteBy		CODE           	2DFE	0000	46
		_onewireReadBit		CODE           	2EC4	0000	36
		_onewireReadByt		CODE           	2EA0	0000	36
		_onewireWriteBi		CODE           	2D5E	0000	58
		_onewireInit   		CODE           	2EE8	0000	34

src/onewire.c estimated size: 210

C:\Program Files (x86)\Microchip\xc8\v1.33\sources\common\ftdivl.c
		__tdiv_to_l_   		CODE           	1FB2	0000	306

C:\Program Files (x86)\Microchip\xc8\v1.33\sources\common\ftdivl.c estimated size: 306

C:\Program Files (x86)\Microchip\xc8\v1.33\sources\common\sprintf.c
		_sprintf       		CODE           	2954	0000	102

C:\Program Files (x86)\Microchip\xc8\v1.33\sources\common\sprintf.c estimated size: 102

C:\Program Files (x86)\Microchip\xc8\v1.33\sources\common\awmod.c
		___awmod       		CODE           	2628	0000	144

C:\Program Files (x86)\Microchip\xc8\v1.33\sources\common\awmod.c estimated size: 144

C:\Program Files (x86)\Microchip\xc8\v1.33\sources\common\Umul16.c
		___wmul        		CODE           	2E54	0000	38

C:\Program Files (x86)\Microchip\xc8\v1.33\sources\common\Umul16.c estimated size: 38

C:\Program Files (x86)\Microchip\xc8\v1.33\sources\common\putch.c
		_putch         		CODE           	2FD8	0000	2

C:\Program Files (x86)\Microchip\xc8\v1.33\sources\common\putch.c estimated size: 2

C:\Program Files (x86)\Microchip\xc8\v1.33\sources\common\llmod.c
		___llmod       		CODE           	29BA	0000	102

C:\Program Files (x86)\Microchip\xc8\v1.33\sources\common\llmod.c estimated size: 102

src/timers.c
		_timer0init    		CODE           	238A	0000	184

src/timers.c estimated size: 184

src/EUSART.c
		__UART1Send    		CODE           	2D20	0000	62
		__UART1Init    		CODE           	2A84	0000	100
		__UART2Send    		CODE           	2CE2	0000	62
		__UART2Init    		CODE           	2A20	0000	100

src/EUSART.c estimated size: 324

C:\Program Files (x86)\Microchip\xc8\v1.33\sources\common\ftmul.c
		___ftmul       		CODE           	20E4	0000	240

C:\Program Files (x86)\Microchip\xc8\v1.33\sources\common\ftmul.c estimated size: 240

src/I2C.c
		__I2CStop      		CODE           	2F72	0000	18
		__I2CWait      		CODE           	2FA8	0000	18
		__I2CInit      		CODE           	2C00	0000	90
		__I2CSend      		CODE           	2F5E	0000	20
		__I2CStart     		CODE           	2F84	0000	18
		__I2CReceive   		CODE           	2DCE	0000	48
		__I2CRepeatedSt		CODE           	2F96	0000	18
		__I2CAddress   		CODE           	2FBA	0000	16

src/I2C.c estimated size: 246

C:\Program Files (x86)\Microchip\xc8\v1.33\sources\common\ftdiv.c
		___ftdiv       		CODE           	21D4	0000	226

C:\Program Files (x86)\Microchip\xc8\v1.33\sources\common\ftdiv.c estimated size: 226

src/main.c
		_loop          		CODE           	1B72	0000	418
		_main          		CODE           	2F46	0000	24
		_isr           		CODE           	0008	0000	164
		_setup         		CODE           	258E	0000	154

src/main.c estimated size: 760

C:\Program Files (x86)\Microchip\xc8\v1.33\sources\common\fldivl.c
		__div_to_l_    		CODE           	1D14	0000	360

C:\Program Files (x86)\Microchip\xc8\v1.33\sources\common\fldivl.c estimated size: 360

C:\Program Files (x86)\Microchip\xc8\v1.33\sources\common\awdiv.c
		___awdiv       		CODE           	24EA	0000	164

C:\Program Files (x86)\Microchip\xc8\v1.33\sources\common\awdiv.c estimated size: 164

C:\Program Files (x86)\Microchip\xc8\v1.33\sources\common\lldiv.c
		___lldiv       		CODE           	2856	0000	130

C:\Program Files (x86)\Microchip\xc8\v1.33\sources\common\lldiv.c estimated size: 130

shared
		__stringdata   		MEDIUMCONST    	7F63	0000	156
		__powers_      		MEDIUMCONST    	7F1C	0000	39
		_dpowers       		MEDIUMCONST    	7ECD	0000	40
		__npowers_     		MEDIUMCONST    	7EF5	0000	39
		__initializatio		CODE           	2AE8	0000	86
		_hexpowers     		MEDIUMCONST    	7F43	0000	32

shared estimated size: 392

src/DS18B20.c
		_getTemperature		CODE           	22B6	0000	212
		_broadcastConve		CODE           	2F2A	0000	28

src/DS18B20.c estimated size: 240

C:\Program Files (x86)\Microchip\xc8\v1.33\sources\common\fttol.c
		___fttol       		CODE           	1E7C	0000	310

C:\Program Files (x86)\Microchip\xc8\v1.33\sources\common\fttol.c estimated size: 310

C:\Program Files (x86)\Microchip\xc8\v1.33\sources\common\awtoft.c
		___awtoft      		CODE           	2C5A	0000	72

C:\Program Files (x86)\Microchip\xc8\v1.33\sources\common\awtoft.c estimated size: 72

src/zonnekracht.c
		_getADC9       		CODE           	2748	0000	138

src/zonnekracht.c estimated size: 138

C:\Program Files (x86)\Microchip\xc8\v1.33\sources\common\ftadd.c
		___ftadd       		CODE           	19C6	0000	428

C:\Program Files (x86)\Microchip\xc8\v1.33\sources\common\ftadd.c estimated size: 428

C:\Program Files (x86)\Microchip\xc8\v1.33\sources\common\lltoft.c
		___lltoft      		CODE           	2B48	0000	92

C:\Program Files (x86)\Microchip\xc8\v1.33\sources\common\lltoft.c estimated size: 92

C:\Program Files (x86)\Microchip\xc8\v1.33\sources\common\isdigit.c
		_isdigit       		CODE           	2F0A	0000	32

C:\Program Files (x86)\Microchip\xc8\v1.33\sources\common\isdigit.c estimated size: 32

